Archive member included to satisfy reference by file (symbol)

c:/st/stm32cubeide_1.3.0/stm32cubeide/plugins/com.st.stm32cube.ide.mcu.externaltools.gnu-tools-for-stm32.7-2018-q2-update.win32_1.0.0.201904181610/tools/bin/../lib/gcc/arm-none-eabi/7.3.1/../../../../arm-none-eabi/lib/thumb/v6-m\libc_nano.a(lib_a-errno.o)
                              Core/Src/syscalls.o (__errno)
c:/st/stm32cubeide_1.3.0/stm32cubeide/plugins/com.st.stm32cube.ide.mcu.externaltools.gnu-tools-for-stm32.7-2018-q2-update.win32_1.0.0.201904181610/tools/bin/../lib/gcc/arm-none-eabi/7.3.1/../../../../arm-none-eabi/lib/thumb/v6-m\libc_nano.a(lib_a-exit.o)
                              c:/st/stm32cubeide_1.3.0/stm32cubeide/plugins/com.st.stm32cube.ide.mcu.externaltools.gnu-tools-for-stm32.7-2018-q2-update.win32_1.0.0.201904181610/tools/bin/../lib/gcc/arm-none-eabi/7.3.1/../../../../arm-none-eabi/lib/thumb/v6-m/crt0.o (exit)
c:/st/stm32cubeide_1.3.0/stm32cubeide/plugins/com.st.stm32cube.ide.mcu.externaltools.gnu-tools-for-stm32.7-2018-q2-update.win32_1.0.0.201904181610/tools/bin/../lib/gcc/arm-none-eabi/7.3.1/../../../../arm-none-eabi/lib/thumb/v6-m\libc_nano.a(lib_a-impure.o)
                              c:/st/stm32cubeide_1.3.0/stm32cubeide/plugins/com.st.stm32cube.ide.mcu.externaltools.gnu-tools-for-stm32.7-2018-q2-update.win32_1.0.0.201904181610/tools/bin/../lib/gcc/arm-none-eabi/7.3.1/../../../../arm-none-eabi/lib/thumb/v6-m\libc_nano.a(lib_a-exit.o) (_global_impure_ptr)
c:/st/stm32cubeide_1.3.0/stm32cubeide/plugins/com.st.stm32cube.ide.mcu.externaltools.gnu-tools-for-stm32.7-2018-q2-update.win32_1.0.0.201904181610/tools/bin/../lib/gcc/arm-none-eabi/7.3.1/../../../../arm-none-eabi/lib/thumb/v6-m\libc_nano.a(lib_a-init.o)
                              c:/st/stm32cubeide_1.3.0/stm32cubeide/plugins/com.st.stm32cube.ide.mcu.externaltools.gnu-tools-for-stm32.7-2018-q2-update.win32_1.0.0.201904181610/tools/bin/../lib/gcc/arm-none-eabi/7.3.1/../../../../arm-none-eabi/lib/thumb/v6-m/crt0.o (__libc_init_array)
c:/st/stm32cubeide_1.3.0/stm32cubeide/plugins/com.st.stm32cube.ide.mcu.externaltools.gnu-tools-for-stm32.7-2018-q2-update.win32_1.0.0.201904181610/tools/bin/../lib/gcc/arm-none-eabi/7.3.1/../../../../arm-none-eabi/lib/thumb/v6-m\libc_nano.a(lib_a-memset.o)
                              c:/st/stm32cubeide_1.3.0/stm32cubeide/plugins/com.st.stm32cube.ide.mcu.externaltools.gnu-tools-for-stm32.7-2018-q2-update.win32_1.0.0.201904181610/tools/bin/../lib/gcc/arm-none-eabi/7.3.1/../../../../arm-none-eabi/lib/thumb/v6-m/crt0.o (memset)
c:/st/stm32cubeide_1.3.0/stm32cubeide/plugins/com.st.stm32cube.ide.mcu.externaltools.gnu-tools-for-stm32.7-2018-q2-update.win32_1.0.0.201904181610/tools/bin/../lib/gcc/arm-none-eabi/7.3.1/thumb/v6-m\libgcc.a(_udivsi3.o)
                              Core/Src/main.o (__aeabi_uidiv)
c:/st/stm32cubeide_1.3.0/stm32cubeide/plugins/com.st.stm32cube.ide.mcu.externaltools.gnu-tools-for-stm32.7-2018-q2-update.win32_1.0.0.201904181610/tools/bin/../lib/gcc/arm-none-eabi/7.3.1/thumb/v6-m\libgcc.a(_dvmd_tls.o)
                              c:/st/stm32cubeide_1.3.0/stm32cubeide/plugins/com.st.stm32cube.ide.mcu.externaltools.gnu-tools-for-stm32.7-2018-q2-update.win32_1.0.0.201904181610/tools/bin/../lib/gcc/arm-none-eabi/7.3.1/thumb/v6-m\libgcc.a(_udivsi3.o) (__aeabi_idiv0)

Allocating common symbols
Common symbol       size              file

uwTick              0x4               Drivers/STM32F0xx_HAL_Driver/Src/stm32f0xx_hal.o
pFlash              0x20              Drivers/STM32F0xx_HAL_Driver/Src/stm32f0xx_hal_flash.o

Discarded input sections

 .text          0x0000000000000000        0x0 c:/st/stm32cubeide_1.3.0/stm32cubeide/plugins/com.st.stm32cube.ide.mcu.externaltools.gnu-tools-for-stm32.7-2018-q2-update.win32_1.0.0.201904181610/tools/bin/../lib/gcc/arm-none-eabi/7.3.1/thumb/v6-m/crti.o
 .data          0x0000000000000000        0x0 c:/st/stm32cubeide_1.3.0/stm32cubeide/plugins/com.st.stm32cube.ide.mcu.externaltools.gnu-tools-for-stm32.7-2018-q2-update.win32_1.0.0.201904181610/tools/bin/../lib/gcc/arm-none-eabi/7.3.1/thumb/v6-m/crti.o
 .bss           0x0000000000000000        0x0 c:/st/stm32cubeide_1.3.0/stm32cubeide/plugins/com.st.stm32cube.ide.mcu.externaltools.gnu-tools-for-stm32.7-2018-q2-update.win32_1.0.0.201904181610/tools/bin/../lib/gcc/arm-none-eabi/7.3.1/thumb/v6-m/crti.o
 .data          0x0000000000000000        0x4 c:/st/stm32cubeide_1.3.0/stm32cubeide/plugins/com.st.stm32cube.ide.mcu.externaltools.gnu-tools-for-stm32.7-2018-q2-update.win32_1.0.0.201904181610/tools/bin/../lib/gcc/arm-none-eabi/7.3.1/thumb/v6-m/crtbegin.o
 .text          0x0000000000000000       0x78 c:/st/stm32cubeide_1.3.0/stm32cubeide/plugins/com.st.stm32cube.ide.mcu.externaltools.gnu-tools-for-stm32.7-2018-q2-update.win32_1.0.0.201904181610/tools/bin/../lib/gcc/arm-none-eabi/7.3.1/../../../../arm-none-eabi/lib/thumb/v6-m/crt0.o
[...]
Memory Configuration

Name             Origin             Length             Attributes
RAM              0x0000000020000000 0x0000000000002000 xrw
FLASH            0x0000000008000000 0x0000000000010000 xr
*default*        0x0000000000000000 0xffffffffffffffff

Linker script and memory map

LOAD c:/st/stm32cubeide_1.3.0/stm32cubeide/plugins/com.st.stm32cube.ide.mcu.externaltools.gnu-tools-for-stm32.7-2018-q2-update.win32_1.0.0.201904181610/tools/bin/../lib/gcc/arm-none-eabi/7.3.1/thumb/v6-m/crti.o
LOAD c:/st/stm32cubeide_1.3.0/stm32cubeide/plugins/com.st.stm32cube.ide.mcu.externaltools.gnu-tools-for-stm32.7-2018-q2-update.win32_1.0.0.201904181610/tools/bin/../lib/gcc/arm-none-eabi/7.3.1/thumb/v6-m/crtbegin.o
LOAD c:/st/stm32cubeide_1.3.0/stm32cubeide/plugins/com.st.stm32cube.ide.mcu.externaltools.gnu-tools-for-stm32.7-2018-q2-update.win32_1.0.0.201904181610/tools/bin/../lib/gcc/arm-none-eabi/7.3.1/../../../../arm-none-eabi/lib/thumb/v6-m/crt0.o
LOAD Core/Src/main.o
LOAD Core/Src/stm32f0308_discovery.o
LOAD Core/Src/stm32f0xx_hal_msp.o
LOAD Core/Src/stm32f0xx_it.o
LOAD Core/Src/syscalls.o
LOAD Core/Src/sysmem.o
LOAD Core/Src/system_stm32f0xx.o
LOAD Core/Startup/startup_stm32f030r8tx.o
LOAD Drivers/STM32F0xx_HAL_Driver/Src/stm32f0xx_hal.o
LOAD Drivers/STM32F0xx_HAL_Driver/Src/stm32f0xx_hal_cortex.o
LOAD Drivers/STM32F0xx_HAL_Driver/Src/stm32f0xx_hal_dma.o
LOAD Drivers/STM32F0xx_HAL_Driver/Src/stm32f0xx_hal_exti.o
LOAD Drivers/STM32F0xx_HAL_Driver/Src/stm32f0xx_hal_flash.o
LOAD Drivers/STM32F0xx_HAL_Driver/Src/stm32f0xx_hal_flash_ex.o
LOAD Drivers/STM32F0xx_HAL_Driver/Src/stm32f0xx_hal_gpio.o
LOAD Drivers/STM32F0xx_HAL_Driver/Src/stm32f0xx_hal_i2c.o
LOAD Drivers/STM32F0xx_HAL_Driver/Src/stm32f0xx_hal_i2c_ex.o
LOAD Drivers/STM32F0xx_HAL_Driver/Src/stm32f0xx_hal_pwr.o
LOAD Drivers/STM32F0xx_HAL_Driver/Src/stm32f0xx_hal_pwr_ex.o
LOAD Drivers/STM32F0xx_HAL_Driver/Src/stm32f0xx_hal_rcc.o
LOAD Drivers/STM32F0xx_HAL_Driver/Src/stm32f0xx_hal_rcc_ex.o
LOAD Drivers/STM32F0xx_HAL_Driver/Src/stm32f0xx_hal_tim.o
LOAD Drivers/STM32F0xx_HAL_Driver/Src/stm32f0xx_hal_tim_ex.o
START GROUP
LOAD c:/st/stm32cubeide_1.3.0/stm32cubeide/plugins/com.st.stm32cube.ide.mcu.externaltools.gnu-tools-for-stm32.7-2018-q2-update.win32_1.0.0.201904181610/tools/bin/../lib/gcc/arm-none-eabi/7.3.1/../../../../arm-none-eabi/lib/thumb/v6-m\libc_nano.a
LOAD c:/st/stm32cubeide_1.3.0/stm32cubeide/plugins/com.st.stm32cube.ide.mcu.externaltools.gnu-tools-for-stm32.7-2018-q2-update.win32_1.0.0.201904181610/tools/bin/../lib/gcc/arm-none-eabi/7.3.1/../../../../arm-none-eabi/lib/thumb/v6-m\libm.a
END GROUP
START GROUP
LOAD c:/st/stm32cubeide_1.3.0/stm32cubeide/plugins/com.st.stm32cube.ide.mcu.externaltools.gnu-tools-for-stm32.7-2018-q2-update.win32_1.0.0.201904181610/tools/bin/../lib/gcc/arm-none-eabi/7.3.1/thumb/v6-m\libgcc.a
LOAD c:/st/stm32cubeide_1.3.0/stm32cubeide/plugins/com.st.stm32cube.ide.mcu.externaltools.gnu-tools-for-stm32.7-2018-q2-update.win32_1.0.0.201904181610/tools/bin/../lib/gcc/arm-none-eabi/7.3.1/../../../../arm-none-eabi/lib/thumb/v6-m\libc_nano.a
END GROUP
START GROUP
LOAD c:/st/stm32cubeide_1.3.0/stm32cubeide/plugins/com.st.stm32cube.ide.mcu.externaltools.gnu-tools-for-stm32.7-2018-q2-update.win32_1.0.0.201904181610/tools/bin/../lib/gcc/arm-none-eabi/7.3.1/thumb/v6-m\libgcc.a
LOAD c:/st/stm32cubeide_1.3.0/stm32cubeide/plugins/com.st.stm32cube.ide.mcu.externaltools.gnu-tools-for-stm32.7-2018-q2-update.win32_1.0.0.201904181610/tools/bin/../lib/gcc/arm-none-eabi/7.3.1/../../../../arm-none-eabi/lib/thumb/v6-m\libc_nano.a
LOAD c:/st/stm32cubeide_1.3.0/stm32cubeide/plugins/com.st.stm32cube.ide.mcu.externaltools.gnu-tools-for-stm32.7-2018-q2-update.win32_1.0.0.201904181610/tools/bin/../lib/gcc/arm-none-eabi/7.3.1/../../../../arm-none-eabi/lib/thumb/v6-m\libnosys.a
END GROUP
START GROUP
LOAD c:/st/stm32cubeide_1.3.0/stm32cubeide/plugins/com.st.stm32cube.ide.mcu.externaltools.gnu-tools-for-stm32.7-2018-q2-update.win32_1.0.0.201904181610/tools/bin/../lib/gcc/arm-none-eabi/7.3.1/thumb/v6-m\libgcc.a
LOAD c:/st/stm32cubeide_1.3.0/stm32cubeide/plugins/com.st.stm32cube.ide.mcu.externaltools.gnu-tools-for-stm32.7-2018-q2-update.win32_1.0.0.201904181610/tools/bin/../lib/gcc/arm-none-eabi/7.3.1/../../../../arm-none-eabi/lib/thumb/v6-m\libc_nano.a
LOAD c:/st/stm32cubeide_1.3.0/stm32cubeide/plugins/com.st.stm32cube.ide.mcu.externaltools.gnu-tools-for-stm32.7-2018-q2-update.win32_1.0.0.201904181610/tools/bin/../lib/gcc/arm-none-eabi/7.3.1/../../../../arm-none-eabi/lib/thumb/v6-m\libnosys.a
END GROUP
LOAD c:/st/stm32cubeide_1.3.0/stm32cubeide/plugins/com.st.stm32cube.ide.mcu.externaltools.gnu-tools-for-stm32.7-2018-q2-update.win32_1.0.0.201904181610/tools/bin/../lib/gcc/arm-none-eabi/7.3.1/thumb/v6-m/crtend.o
LOAD c:/st/stm32cubeide_1.3.0/stm32cubeide/plugins/com.st.stm32cube.ide.mcu.externaltools.gnu-tools-for-stm32.7-2018-q2-update.win32_1.0.0.201904181610/tools/bin/../lib/gcc/arm-none-eabi/7.3.1/thumb/v6-m/crtn.o
                0x0000000020002000                _estack = (ORIGIN (RAM) + LENGTH (RAM))
                0x0000000000000200                _Min_Heap_Size = 0x200
                0x0000000000000400                _Min_Stack_Size = 0x400

.isr_vector     0x0000000008000000       0xc0
                0x0000000008000000                . = ALIGN (0x4)
 *(.isr_vector)
 .isr_vector    0x0000000008000000       0xc0 Core/Startup/startup_stm32f030r8tx.o
                0x0000000008000000                g_pfnVectors
                0x00000000080000c0                . = ALIGN (0x4)

.text           0x00000000080000c0     0x1694
                0x00000000080000c0                . = ALIGN (0x4)
 *(.text)
 .text          0x00000000080000c0       0x48 c:/st/stm32cubeide_1.3.0/stm32cubeide/plugins/com.st.stm32cube.ide.mcu.externaltools.gnu-tools-for-stm32.7-2018-q2-update.win32_1.0.0.201904181610/tools/bin/../lib/gcc/arm-none-eabi/7.3.1/thumb/v6-m/crtbegin.o
 .text          0x0000000008000108      0x114 c:/st/stm32cubeide_1.3.0/stm32cubeide/plugins/com.st.stm32cube.ide.mcu.externaltools.gnu-tools-for-stm32.7-2018-q2-update.win32_1.0.0.201904181610/tools/bin/../lib/gcc/arm-none-eabi/7.3.1/thumb/v6-m\libgcc.a(_udivsi3.o)
                0x0000000008000108                __aeabi_uidiv
                0x0000000008000108                __udivsi3
                0x0000000008000214                __aeabi_uidivmod
 .text          0x000000000800021c        0x4 c:/st/stm32cubeide_1.3.0/stm32cubeide/plugins/com.st.stm32cube.ide.mcu.externaltools.gnu-tools-for-stm32.7-2018-q2-update.win32_1.0.0.201904181610/tools/bin/../lib/gcc/arm-none-eabi/7.3.1/thumb/v6-m\libgcc.a(_dvmd_tls.o)
                0x000000000800021c                __aeabi_idiv0
                0x000000000800021c                __aeabi_ldiv0
 *(.text*)
 .text.__NVIC_SetPriority
                0x0000000008000220       0xdc Core/Src/main.o
 .text.SysTick_Config
                0x00000000080002fc       0x48 Core/Src/main.o
 .text.main     0x0000000008000344       0x34 Core/Src/main.o
                0x0000000008000344                main
 .text.SystemClock_Config
                0x0000000008000378       0x94 Core/Src/main.o
                0x0000000008000378                SystemClock_Config
 .text.MX_GPIO_Init
                0x000000000800040c       0xc8 Core/Src/main.o
 .text.Error_Handler
                0x00000000080004d4        0xa Core/Src/main.o
                0x00000000080004d4                Error_Handler
 *fill*         0x00000000080004de        0x2 
 .text.BSP_LED_Init
                0x00000000080004e0       0x90 Core/Src/stm32f0308_discovery.o
                0x00000000080004e0                BSP_LED_Init
 .text.BSP_LED_On
                0x0000000008000570       0x38 Core/Src/stm32f0308_discovery.o
                0x0000000008000570                BSP_LED_On
 .text.BSP_LED_Off
                0x00000000080005a8       0x38 Core/Src/stm32f0308_discovery.o
                0x00000000080005a8                BSP_LED_Off
 .text.HAL_MspInit
                0x00000000080005e0       0x48 Core/Src/stm32f0xx_hal_msp.o
                0x00000000080005e0                HAL_MspInit
 .text.morse    0x0000000008000628       0xb0 Core/Src/stm32f0xx_it.o
                0x0000000008000628                morse
 .text.send_message
                0x00000000080006d8       0x3c Core/Src/stm32f0xx_it.o
                0x00000000080006d8                send_message
 .text.execute_ele_gap
                0x0000000008000714       0x38 Core/Src/stm32f0xx_it.o
                0x0000000008000714                execute_ele_gap
 .text.NMI_Handler
                0x000000000800074c        0xa Core/Src/stm32f0xx_it.o
                0x000000000800074c                NMI_Handler
 .text.HardFault_Handler
                0x0000000008000756        0x6 Core/Src/stm32f0xx_it.o
                0x0000000008000756                HardFault_Handler
 .text.SVC_Handler
                0x000000000800075c        0xa Core/Src/stm32f0xx_it.o
                0x000000000800075c                SVC_Handler
 .text.PendSV_Handler
                0x0000000008000766        0xa Core/Src/stm32f0xx_it.o
                0x0000000008000766                PendSV_Handler
 .text.SysTick_Handler
                0x0000000008000770       0x54 Core/Src/stm32f0xx_it.o
                0x0000000008000770                SysTick_Handler
 .text.EXTI0_1_IRQHandler
                0x00000000080007c4       0x38 Core/Src/stm32f0xx_it.o
                0x00000000080007c4                EXTI0_1_IRQHandler
 .text.SystemInit
                0x00000000080007fc        0xa Core/Src/system_stm32f0xx.o
                0x00000000080007fc                SystemInit
 *fill*         0x0000000008000806        0x2 
 .text.Reset_Handler
                0x0000000008000808       0x50 Core/Startup/startup_stm32f030r8tx.o
                0x0000000008000808                Reset_Handler
 .text.Default_Handler
                0x0000000008000858        0x2 Core/Startup/startup_stm32f030r8tx.o
                0x0000000008000858                TIM1_CC_IRQHandler
                0x0000000008000858                TIM6_IRQHandler
                0x0000000008000858                I2C1_IRQHandler
                0x0000000008000858                SPI1_IRQHandler
                0x0000000008000858                EXTI2_3_IRQHandler
                0x0000000008000858                ADC1_IRQHandler
                0x0000000008000858                I2C2_IRQHandler
                0x0000000008000858                TIM17_IRQHandler
                0x0000000008000858                RTC_IRQHandler
                0x0000000008000858                TIM16_IRQHandler
                0x0000000008000858                TIM3_IRQHandler
                0x0000000008000858                EXTI4_15_IRQHandler
                0x0000000008000858                RCC_IRQHandler
                0x0000000008000858                DMA1_Channel1_IRQHandler
                0x0000000008000858                Default_Handler
                0x0000000008000858                TIM14_IRQHandler
                0x0000000008000858                DMA1_Channel4_5_IRQHandler
                0x0000000008000858                TIM15_IRQHandler
                0x0000000008000858                SPI2_IRQHandler
                0x0000000008000858                WWDG_IRQHandler
                0x0000000008000858                DMA1_Channel2_3_IRQHandler
                0x0000000008000858                USART2_IRQHandler
                0x0000000008000858                FLASH_IRQHandler
                0x0000000008000858                USART1_IRQHandler
                0x0000000008000858                TIM1_BRK_UP_TRG_COM_IRQHandler
 *fill*         0x000000000800085a        0x2 
 .text.HAL_Init
                0x000000000800085c       0x28 Drivers/STM32F0xx_HAL_Driver/Src/stm32f0xx_hal.o
                0x000000000800085c                HAL_Init
 .text.HAL_InitTick
                0x0000000008000884       0x68 Drivers/STM32F0xx_HAL_Driver/Src/stm32f0xx_hal.o
                0x0000000008000884                HAL_InitTick
 .text.HAL_IncTick
                0x00000000080008ec       0x24 Drivers/STM32F0xx_HAL_Driver/Src/stm32f0xx_hal.o
                0x00000000080008ec                HAL_IncTick
 .text.HAL_GetTick
                0x0000000008000910       0x14 Drivers/STM32F0xx_HAL_Driver/Src/stm32f0xx_hal.o
                0x0000000008000910                HAL_GetTick
 .text.__NVIC_EnableIRQ
                0x0000000008000924       0x34 Drivers/STM32F0xx_HAL_Driver/Src/stm32f0xx_hal_cortex.o
 .text.__NVIC_SetPriority
                0x0000000008000958       0xdc Drivers/STM32F0xx_HAL_Driver/Src/stm32f0xx_hal_cortex.o
 .text.SysTick_Config
                0x0000000008000a34       0x48 Drivers/STM32F0xx_HAL_Driver/Src/stm32f0xx_hal_cortex.o
 .text.HAL_NVIC_SetPriority
                0x0000000008000a7c       0x2a Drivers/STM32F0xx_HAL_Driver/Src/stm32f0xx_hal_cortex.o
                0x0000000008000a7c                HAL_NVIC_SetPriority
 .text.HAL_NVIC_EnableIRQ
                0x0000000008000aa6       0x20 Drivers/STM32F0xx_HAL_Driver/Src/stm32f0xx_hal_cortex.o
                0x0000000008000aa6                HAL_NVIC_EnableIRQ
 .text.HAL_SYSTICK_Config
                0x0000000008000ac6       0x1a Drivers/STM32F0xx_HAL_Driver/Src/stm32f0xx_hal_cortex.o
                0x0000000008000ac6                HAL_SYSTICK_Config
 .text.HAL_GPIO_Init
                0x0000000008000ae0      0x2e0 Drivers/STM32F0xx_HAL_Driver/Src/stm32f0xx_hal_gpio.o
                0x0000000008000ae0                HAL_GPIO_Init
 .text.HAL_GPIO_WritePin
                0x0000000008000dc0       0x3a Drivers/STM32F0xx_HAL_Driver/Src/stm32f0xx_hal_gpio.o
                0x0000000008000dc0                HAL_GPIO_WritePin
 *fill*         0x0000000008000dfa        0x2 
 .text.HAL_GPIO_EXTI_IRQHandler
                0x0000000008000dfc       0x38 Drivers/STM32F0xx_HAL_Driver/Src/stm32f0xx_hal_gpio.o
                0x0000000008000dfc                HAL_GPIO_EXTI_IRQHandler
 .text.HAL_GPIO_EXTI_Callback
                0x0000000008000e34       0x14 Drivers/STM32F0xx_HAL_Driver/Src/stm32f0xx_hal_gpio.o
                0x0000000008000e34                HAL_GPIO_EXTI_Callback
 .text.HAL_RCC_OscConfig
                0x0000000008000e48      0x638 Drivers/STM32F0xx_HAL_Driver/Src/stm32f0xx_hal_rcc.o
                0x0000000008000e48                HAL_RCC_OscConfig
 .text.HAL_RCC_ClockConfig
                0x0000000008001480      0x19c Drivers/STM32F0xx_HAL_Driver/Src/stm32f0xx_hal_rcc.o
                0x0000000008001480                HAL_RCC_ClockConfig
 .text.HAL_RCC_GetSysClockFreq
                0x000000000800161c       0xc8 Drivers/STM32F0xx_HAL_Driver/Src/stm32f0xx_hal_rcc.o
                0x000000000800161c                HAL_RCC_GetSysClockFreq
 .text.__libc_init_array
                0x00000000080016e4       0x48 c:/st/stm32cubeide_1.3.0/stm32cubeide/plugins/com.st.stm32cube.ide.mcu.externaltools.gnu-tools-for-stm32.7-2018-q2-update.win32_1.0.0.201904181610/tools/bin/../lib/gcc/arm-none-eabi/7.3.1/../../../../arm-none-eabi/lib/thumb/v6-m\libc_nano.a(lib_a-init.o)
                0x00000000080016e4                __libc_init_array
 .text.memset   0x000000000800172c       0x10 c:/st/stm32cubeide_1.3.0/stm32cubeide/plugins/com.st.stm32cube.ide.mcu.externaltools.gnu-tools-for-stm32.7-2018-q2-update.win32_1.0.0.201904181610/tools/bin/../lib/gcc/arm-none-eabi/7.3.1/../../../../arm-none-eabi/lib/thumb/v6-m\libc_nano.a(lib_a-memset.o)
                0x000000000800172c                memset
 *(.glue_7)
 .glue_7        0x000000000800173c        0x0 linker stubs
 *(.glue_7t)
 .glue_7t       0x000000000800173c        0x0 linker stubs
 *(.eh_frame)
 .eh_frame      0x000000000800173c        0x0 c:/st/stm32cubeide_1.3.0/stm32cubeide/plugins/com.st.stm32cube.ide.mcu.externaltools.gnu-tools-for-stm32.7-2018-q2-update.win32_1.0.0.201904181610/tools/bin/../lib/gcc/arm-none-eabi/7.3.1/thumb/v6-m/crtbegin.o
 *(.init)
 .init          0x000000000800173c        0x4 c:/st/stm32cubeide_1.3.0/stm32cubeide/plugins/com.st.stm32cube.ide.mcu.externaltools.gnu-tools-for-stm32.7-2018-q2-update.win32_1.0.0.201904181610/tools/bin/../lib/gcc/arm-none-eabi/7.3.1/thumb/v6-m/crti.o
                0x000000000800173c                _init
 .init          0x0000000008001740        0x8 c:/st/stm32cubeide_1.3.0/stm32cubeide/plugins/com.st.stm32cube.ide.mcu.externaltools.gnu-tools-for-stm32.7-2018-q2-update.win32_1.0.0.201904181610/tools/bin/../lib/gcc/arm-none-eabi/7.3.1/thumb/v6-m/crtn.o
 *(.fini)
 .fini          0x0000000008001748        0x4 c:/st/stm32cubeide_1.3.0/stm32cubeide/plugins/com.st.stm32cube.ide.mcu.externaltools.gnu-tools-for-stm32.7-2018-q2-update.win32_1.0.0.201904181610/tools/bin/../lib/gcc/arm-none-eabi/7.3.1/thumb/v6-m/crti.o
                0x0000000008001748                _fini
 .fini          0x000000000800174c        0x8 c:/st/stm32cubeide_1.3.0/stm32cubeide/plugins/com.st.stm32cube.ide.mcu.externaltools.gnu-tools-for-stm32.7-2018-q2-update.win32_1.0.0.201904181610/tools/bin/../lib/gcc/arm-none-eabi/7.3.1/thumb/v6-m/crtn.o
                0x0000000008001754                . = ALIGN (0x4)
                0x0000000008001754                _etext = .

.vfp11_veneer   0x0000000008001754        0x0
 .vfp11_veneer  0x0000000008001754        0x0 linker stubs

.v4_bx          0x0000000008001754        0x0
 .v4_bx         0x0000000008001754        0x0 linker stubs

.iplt           0x0000000008001754        0x0
 .iplt          0x0000000008001754        0x0 c:/st/stm32cubeide_1.3.0/stm32cubeide/plugins/com.st.stm32cube.ide.mcu.externaltools.gnu-tools-for-stm32.7-2018-q2-update.win32_1.0.0.201904181610/tools/bin/../lib/gcc/arm-none-eabi/7.3.1/thumb/v6-m/crtbegin.o

.rodata         0x0000000008001754       0x34
                0x0000000008001754                . = ALIGN (0x4)
 *(.rodata)
 .rodata        0x0000000008001754       0x20 Drivers/STM32F0xx_HAL_Driver/Src/stm32f0xx_hal_rcc.o
 *(.rodata*)
 .rodata.LED_PIN
                0x0000000008001774        0x4 Core/Src/stm32f0308_discovery.o
                0x0000000008001774                LED_PIN
 .rodata.AHBPrescTable
                0x0000000008001778       0x10 Core/Src/system_stm32f0xx.o
                0x0000000008001778                AHBPrescTable
                0x0000000008001788                . = ALIGN (0x4)

.rel.dyn        0x0000000008001788        0x0
 .rel.iplt      0x0000000008001788        0x0 c:/st/stm32cubeide_1.3.0/stm32cubeide/plugins/com.st.stm32cube.ide.mcu.externaltools.gnu-tools-for-stm32.7-2018-q2-update.win32_1.0.0.201904181610/tools/bin/../lib/gcc/arm-none-eabi/7.3.1/thumb/v6-m/crtbegin.o

.ARM.extab      0x0000000008001788        0x0
                0x0000000008001788                . = ALIGN (0x4)
 *(.ARM.extab* .gnu.linkonce.armextab.*)
                0x0000000008001788                . = ALIGN (0x4)

.ARM            0x0000000008001788        0x0
                0x0000000008001788                . = ALIGN (0x4)
                0x0000000008001788                __exidx_start = .
 *(.ARM.exidx*)
                0x0000000008001788                __exidx_end = .
                0x0000000008001788                . = ALIGN (0x4)

.preinit_array  0x0000000008001788        0x0
                0x0000000008001788                . = ALIGN (0x4)
                0x0000000008001788                PROVIDE (__preinit_array_start = .)
 *(.preinit_array*)
                0x0000000008001788                PROVIDE (__preinit_array_end = .)
                0x0000000008001788                . = ALIGN (0x4)

.init_array     0x0000000008001788        0x4
                0x0000000008001788                . = ALIGN (0x4)
                0x0000000008001788                PROVIDE (__init_array_start = .)
 *(SORT_BY_NAME(.init_array.*))
 *(.init_array*)
 .init_array    0x0000000008001788        0x4 c:/st/stm32cubeide_1.3.0/stm32cubeide/plugins/com.st.stm32cube.ide.mcu.externaltools.gnu-tools-for-stm32.7-2018-q2-update.win32_1.0.0.201904181610/tools/bin/../lib/gcc/arm-none-eabi/7.3.1/thumb/v6-m/crtbegin.o
                0x000000000800178c                PROVIDE (__init_array_end = .)
                0x000000000800178c                . = ALIGN (0x4)

.fini_array     0x000000000800178c        0x4
                0x000000000800178c                . = ALIGN (0x4)
                [!provide]                        PROVIDE (__fini_array_start = .)
 *(SORT_BY_NAME(.fini_array.*))
 *(.fini_array*)
 .fini_array    0x000000000800178c        0x4 c:/st/stm32cubeide_1.3.0/stm32cubeide/plugins/com.st.stm32cube.ide.mcu.externaltools.gnu-tools-for-stm32.7-2018-q2-update.win32_1.0.0.201904181610/tools/bin/../lib/gcc/arm-none-eabi/7.3.1/thumb/v6-m/crtbegin.o
                [!provide]                        PROVIDE (__fini_array_end = .)
                0x0000000008001790                . = ALIGN (0x4)
                0x0000000008001790                _sidata = LOADADDR (.data)

.data           0x0000000020000000       0x5c load address 0x0000000008001790
                0x0000000020000000                . = ALIGN (0x4)
                0x0000000020000000                _sdata = .
 *(.data)
 *(.data*)
 .data.LED_PORT
                0x0000000020000000        0x8 Core/Src/stm32f0308_discovery.o
                0x0000000020000000                LED_PORT
 .data.msg_t    0x0000000020000008       0x3f Core/Src/stm32f0xx_it.o
                0x0000000020000008                msg_t
 .data.size_of_msg
                0x0000000020000047        0x1 Core/Src/stm32f0xx_it.o
                0x0000000020000047                size_of_msg
 .data.counter  0x0000000020000048        0x1 Core/Src/stm32f0xx_it.o
                0x0000000020000048                counter
 .data.dot      0x0000000020000049        0x1 Core/Src/stm32f0xx_it.o
                0x0000000020000049                dot
 .data.dash     0x000000002000004a        0x1 Core/Src/stm32f0xx_it.o
                0x000000002000004a                dash
 .data.ele_gap  0x000000002000004b        0x1 Core/Src/stm32f0xx_it.o
                0x000000002000004b                ele_gap
 .data.sign_gap
                0x000000002000004c        0x1 Core/Src/stm32f0xx_it.o
                0x000000002000004c                sign_gap
 .data.word_gap
                0x000000002000004d        0x1 Core/Src/stm32f0xx_it.o
                0x000000002000004d                word_gap
 .data.element_switcher
                0x000000002000004e        0x1 Core/Src/stm32f0xx_it.o
                0x000000002000004e                element_switcher
 *fill*         0x000000002000004f        0x1 
 .data.SystemCoreClock
                0x0000000020000050        0x4 Core/Src/system_stm32f0xx.o
                0x0000000020000050                SystemCoreClock
 .data.uwTickPrio
                0x0000000020000054        0x4 Drivers/STM32F0xx_HAL_Driver/Src/stm32f0xx_hal.o
                0x0000000020000054                uwTickPrio
 .data.uwTickFreq
                0x0000000020000058        0x1 Drivers/STM32F0xx_HAL_Driver/Src/stm32f0xx_hal.o
                0x0000000020000058                uwTickFreq
                0x000000002000005c                . = ALIGN (0x4)
 *fill*         0x0000000020000059        0x3 
                0x000000002000005c                _edata = .

.igot.plt       0x000000002000005c        0x0 load address 0x00000000080017ec
 .igot.plt      0x000000002000005c        0x0 c:/st/stm32cubeide_1.3.0/stm32cubeide/plugins/com.st.stm32cube.ide.mcu.externaltools.gnu-tools-for-stm32.7-2018-q2-update.win32_1.0.0.201904181610/tools/bin/../lib/gcc/arm-none-eabi/7.3.1/thumb/v6-m/crtbegin.o
                0x000000002000005c                . = ALIGN (0x4)

.bss            0x000000002000005c       0x24 load address 0x00000000080017ec
                0x000000002000005c                _sbss = .
                0x000000002000005c                __bss_start__ = _sbss
 *(.bss)
 .bss           0x000000002000005c       0x1c c:/st/stm32cubeide_1.3.0/stm32cubeide/plugins/com.st.stm32cube.ide.mcu.externaltools.gnu-tools-for-stm32.7-2018-q2-update.win32_1.0.0.201904181610/tools/bin/../lib/gcc/arm-none-eabi/7.3.1/thumb/v6-m/crtbegin.o
 *(.bss*)
 .bss.el        0x0000000020000078        0x1 Core/Src/stm32f0xx_it.o
                0x0000000020000078                el
 .bss.my_delay  0x0000000020000079        0x1 Core/Src/stm32f0xx_it.o
                0x0000000020000079                my_delay
 .bss.current_delay
                0x000000002000007a        0x1 Core/Src/stm32f0xx_it.o
                0x000000002000007a                current_delay
 *(COMMON)
 *fill*         0x000000002000007b        0x1 
 COMMON         0x000000002000007c        0x4 Drivers/STM32F0xx_HAL_Driver/Src/stm32f0xx_hal.o
                0x000000002000007c                uwTick
                0x0000000020000080                . = ALIGN (0x4)
                0x0000000020000080                _ebss = .
                0x0000000020000080                __bss_end__ = _ebss

._user_heap_stack
                0x0000000020000080      0x600 load address 0x00000000080017ec
                0x0000000020000080                . = ALIGN (0x8)
                0x0000000020000080                PROVIDE (end = .)
                [!provide]                        PROVIDE (_end = .)
                0x0000000020000280                . = (. + _Min_Heap_Size)
 *fill*         0x0000000020000080      0x200 
                0x0000000020000680                . = (. + _Min_Stack_Size)
 *fill*         0x0000000020000280      0x400 
                0x0000000020000680                . = ALIGN (0x8)

/DISCARD/
 libc.a(*)
 libm.a(*)
 libgcc.a(*)

.ARM.attributes
                0x0000000000000000       0x28
 *(.ARM.attributes)
 .ARM.attributes
                0x0000000000000000       0x1e c:/st/stm32cubeide_1.3.0/stm32cubeide/plugins/com.st.stm32cube.ide.mcu.externaltools.gnu-tools-for-stm32.7-2018-q2-update.win32_1.0.0.201904181610/tools/bin/../lib/gcc/arm-none-eabi/7.3.1/thumb/v6-m/crti.o
 .ARM.attributes
                0x000000000000001e       0x2c c:/st/stm32cubeide_1.3.0/stm32cubeide/plugins/com.st.stm32cube.ide.mcu.externaltools.gnu-tools-for-stm32.7-2018-q2-update.win32_1.0.0.201904181610/tools/bin/../lib/gcc/arm-none-eabi/7.3.1/thumb/v6-m/crtbegin.o
 .ARM.attributes
                0x000000000000004a       0x31 Core/Src/main.o
 .ARM.attributes
                0x000000000000007b       0x31 Core/Src/stm32f0308_discovery.o
 .ARM.attributes
                0x00000000000000ac       0x31 Core/Src/stm32f0xx_hal_msp.o
 .ARM.attributes
                0x00000000000000dd       0x31 Core/Src/stm32f0xx_it.o
 .ARM.attributes
                0x000000000000010e       0x31 Core/Src/system_stm32f0xx.o
 .ARM.attributes
                0x000000000000013f       0x21 Core/Startup/startup_stm32f030r8tx.o
 .ARM.attributes
                0x0000000000000160       0x31 Drivers/STM32F0xx_HAL_Driver/Src/stm32f0xx_hal.o
 .ARM.attributes
                0x0000000000000191       0x31 Drivers/STM32F0xx_HAL_Driver/Src/stm32f0xx_hal_cortex.o
 .ARM.attributes
                0x00000000000001c2       0x31 Drivers/STM32F0xx_HAL_Driver/Src/stm32f0xx_hal_gpio.o
 .ARM.attributes
                0x00000000000001f3       0x31 Drivers/STM32F0xx_HAL_Driver/Src/stm32f0xx_hal_rcc.o
 .ARM.attributes
                0x0000000000000224       0x2c c:/st/stm32cubeide_1.3.0/stm32cubeide/plugins/com.st.stm32cube.ide.mcu.externaltools.gnu-tools-for-stm32.7-2018-q2-update.win32_1.0.0.201904181610/tools/bin/../lib/gcc/arm-none-eabi/7.3.1/../../../../arm-none-eabi/lib/thumb/v6-m\libc_nano.a(lib_a-init.o)
 .ARM.attributes
                0x0000000000000250       0x2c c:/st/stm32cubeide_1.3.0/stm32cubeide/plugins/com.st.stm32cube.ide.mcu.externaltools.gnu-tools-for-stm32.7-2018-q2-update.win32_1.0.0.201904181610/tools/bin/../lib/gcc/arm-none-eabi/7.3.1/../../../../arm-none-eabi/lib/thumb/v6-m\libc_nano.a(lib_a-memset.o)
 .ARM.attributes
                0x000000000000027c       0x1e c:/st/stm32cubeide_1.3.0/stm32cubeide/plugins/com.st.stm32cube.ide.mcu.externaltools.gnu-tools-for-stm32.7-2018-q2-update.win32_1.0.0.201904181610/tools/bin/../lib/gcc/arm-none-eabi/7.3.1/thumb/v6-m\libgcc.a(_udivsi3.o)
 .ARM.attributes
                0x000000000000029a       0x1e c:/st/stm32cubeide_1.3.0/stm32cubeide/plugins/com.st.stm32cube.ide.mcu.externaltools.gnu-tools-for-stm32.7-2018-q2-update.win32_1.0.0.201904181610/tools/bin/../lib/gcc/arm-none-eabi/7.3.1/thumb/v6-m\libgcc.a(_dvmd_tls.o)
 .ARM.attributes
                0x00000000000002b8       0x1e c:/st/stm32cubeide_1.3.0/stm32cubeide/plugins/com.st.stm32cube.ide.mcu.externaltools.gnu-tools-for-stm32.7-2018-q2-update.win32_1.0.0.201904181610/tools/bin/../lib/gcc/arm-none-eabi/7.3.1/thumb/v6-m/crtn.o
OUTPUT(Sekcja5_laboratorium2.elf elf32-littlearm)

.debug_info     0x0000000000000000     0x337b
 .debug_info    0x0000000000000000      0x842 Core/Src/main.o
 .debug_info    0x0000000000000842      0x6a1 Core/Src/stm32f0308_discovery.o
 .debug_info    0x0000000000000ee3      0x25e Core/Src/stm32f0xx_hal_msp.o
 .debug_info    0x0000000000001141      0x324 Core/Src/stm32f0xx_it.o
 .debug_info    0x0000000000001465      0x29e Core/Src/system_stm32f0xx.o
 .debug_info    0x0000000000001703       0x22 Core/Startup/startup_stm32f030r8tx.o
 .debug_info    0x0000000000001725      0x685 Drivers/STM32F0xx_HAL_Driver/Src/stm32f0xx_hal.o
 .debug_info    0x0000000000001daa      0x762 Drivers/STM32F0xx_HAL_Driver/Src/stm32f0xx_hal_cortex.o
 .debug_info    0x000000000000250c      0x665 Drivers/STM32F0xx_HAL_Driver/Src/stm32f0xx_hal_gpio.o
 .debug_info    0x0000000000002b71      0x80a Drivers/STM32F0xx_HAL_Driver/Src/stm32f0xx_hal_rcc.o

.debug_abbrev   0x0000000000000000      0xf18
 .debug_abbrev  0x0000000000000000      0x1f3 Core/Src/main.o
 .debug_abbrev  0x00000000000001f3      0x1ad Core/Src/stm32f0308_discovery.o
 .debug_abbrev  0x00000000000003a0      0x109 Core/Src/stm32f0xx_hal_msp.o
 .debug_abbrev  0x00000000000004a9       0xfe Core/Src/stm32f0xx_it.o
 .debug_abbrev  0x00000000000005a7      0x12b Core/Src/system_stm32f0xx.o
 .debug_abbrev  0x00000000000006d2       0x12 Core/Startup/startup_stm32f030r8tx.o
 .debug_abbrev  0x00000000000006e4      0x1f2 Drivers/STM32F0xx_HAL_Driver/Src/stm32f0xx_hal.o
 .debug_abbrev  0x00000000000008d6      0x273 Drivers/STM32F0xx_HAL_Driver/Src/stm32f0xx_hal_cortex.o
 .debug_abbrev  0x0000000000000b49      0x1c0 Drivers/STM32F0xx_HAL_Driver/Src/stm32f0xx_hal_gpio.o
 .debug_abbrev  0x0000000000000d09      0x20f Drivers/STM32F0xx_HAL_Driver/Src/stm32f0xx_hal_rcc.o

.debug_aranges  0x0000000000000000      0x3d0
 .debug_aranges
                0x0000000000000000       0x48 Core/Src/main.o
 .debug_aranges
                0x0000000000000048       0x50 Core/Src/stm32f0308_discovery.o
 .debug_aranges
                0x0000000000000098       0x20 Core/Src/stm32f0xx_hal_msp.o
 .debug_aranges
                0x00000000000000b8       0x60 Core/Src/stm32f0xx_it.o
 .debug_aranges
                0x0000000000000118       0x28 Core/Src/system_stm32f0xx.o
 .debug_aranges
                0x0000000000000140       0x28 Core/Startup/startup_stm32f030r8tx.o
 .debug_aranges
                0x0000000000000168       0xd0 Drivers/STM32F0xx_HAL_Driver/Src/stm32f0xx_hal.o
 .debug_aranges
                0x0000000000000238       0xc0 Drivers/STM32F0xx_HAL_Driver/Src/stm32f0xx_hal_cortex.o
 .debug_aranges
                0x00000000000002f8       0x58 Drivers/STM32F0xx_HAL_Driver/Src/stm32f0xx_hal_gpio.o
 .debug_aranges
                0x0000000000000350       0x80 Drivers/STM32F0xx_HAL_Driver/Src/stm32f0xx_hal_rcc.o

.debug_ranges   0x0000000000000000      0x338
 .debug_ranges  0x0000000000000000       0x38 Core/Src/main.o
 .debug_ranges  0x0000000000000038       0x40 Core/Src/stm32f0308_discovery.o
 .debug_ranges  0x0000000000000078       0x10 Core/Src/stm32f0xx_hal_msp.o
 .debug_ranges  0x0000000000000088       0x50 Core/Src/stm32f0xx_it.o
 .debug_ranges  0x00000000000000d8       0x18 Core/Src/system_stm32f0xx.o
 .debug_ranges  0x00000000000000f0       0x20 Core/Startup/startup_stm32f030r8tx.o
 .debug_ranges  0x0000000000000110       0xc0 Drivers/STM32F0xx_HAL_Driver/Src/stm32f0xx_hal.o
 .debug_ranges  0x00000000000001d0       0xb0 Drivers/STM32F0xx_HAL_Driver/Src/stm32f0xx_hal_cortex.o
 .debug_ranges  0x0000000000000280       0x48 Drivers/STM32F0xx_HAL_Driver/Src/stm32f0xx_hal_gpio.o
 .debug_ranges  0x00000000000002c8       0x70 Drivers/STM32F0xx_HAL_Driver/Src/stm32f0xx_hal_rcc.o

.debug_macro    0x0000000000000000     0xad34
 .debug_macro   0x0000000000000000      0x1a8 Core/Src/main.o
 .debug_macro   0x00000000000001a8      0xa48 Core/Src/main.o
 .debug_macro   0x0000000000000bf0      0x127 Core/Src/main.o
 .debug_macro   0x0000000000000d17       0x2e Core/Src/main.o
 .debug_macro   0x0000000000000d45       0x22 Core/Src/main.o
 .debug_macro   0x0000000000000d67       0x22 Core/Src/main.o
 .debug_macro   0x0000000000000d89       0x8e Core/Src/main.o
 .debug_macro   0x0000000000000e17       0x51 Core/Src/main.o
 .debug_macro   0x0000000000000e68       0xef Core/Src/main.o
 .debug_macro   0x0000000000000f57       0x6a Core/Src/main.o
 .debug_macro   0x0000000000000fc1      0x1df Core/Src/main.o
 .debug_macro   0x00000000000011a0       0x1c Core/Src/main.o
 .debug_macro   0x00000000000011bc       0x22 Core/Src/main.o
 .debug_macro   0x00000000000011de       0xb5 Core/Src/main.o
 .debug_macro   0x0000000000001293      0x391 Core/Src/main.o
 .debug_macro   0x0000000000001624     0x6f39 Core/Src/main.o
 .debug_macro   0x000000000000855d       0x3c Core/Src/main.o
 .debug_macro   0x0000000000008599      0x174 Core/Src/main.o
 .debug_macro   0x000000000000870d       0x53 Core/Src/main.o
 .debug_macro   0x0000000000008760      0x924 Core/Src/main.o
 .debug_macro   0x0000000000009084      0x17f Core/Src/main.o
 .debug_macro   0x0000000000009203      0x12f Core/Src/main.o
 .debug_macro   0x0000000000009332       0xd9 Core/Src/main.o
 .debug_macro   0x000000000000940b      0x1a0 Core/Src/main.o
 .debug_macro   0x00000000000095ab      0x1ed Core/Src/main.o
 .debug_macro   0x0000000000009798       0x34 Core/Src/main.o
 .debug_macro   0x00000000000097cc       0x43 Core/Src/main.o
 .debug_macro   0x000000000000980f       0x28 Core/Src/main.o
 .debug_macro   0x0000000000009837       0xb0 Core/Src/main.o
 .debug_macro   0x00000000000098e7      0x199 Core/Src/main.o
 .debug_macro   0x0000000000009a80      0x22c Core/Src/main.o
 .debug_macro   0x0000000000009cac       0x5f Core/Src/main.o
 .debug_macro   0x0000000000009d0b       0xa5 Core/Src/main.o
 .debug_macro   0x0000000000009db0       0x4c Core/Src/main.o
 .debug_macro   0x0000000000009dfc       0x2b Core/Src/main.o
 .debug_macro   0x0000000000009e27       0xff Core/Src/main.o
 .debug_macro   0x0000000000009f26       0x34 Core/Src/main.o
 .debug_macro   0x0000000000009f5a       0x4a Core/Src/main.o
 .debug_macro   0x0000000000009fa4      0x1bd Core/Src/stm32f0308_discovery.o
 .debug_macro   0x000000000000a161       0x44 Core/Src/stm32f0308_discovery.o
 .debug_macro   0x000000000000a1a5      0x19f Core/Src/stm32f0xx_hal_msp.o
 .debug_macro   0x000000000000a344      0x1b2 Core/Src/stm32f0xx_it.o
 .debug_macro   0x000000000000a4f6      0x190 Core/Src/system_stm32f0xx.o
 .debug_macro   0x000000000000a686      0x1b4 Drivers/STM32F0xx_HAL_Driver/Src/stm32f0xx_hal.o
 .debug_macro   0x000000000000a83a      0x190 Drivers/STM32F0xx_HAL_Driver/Src/stm32f0xx_hal_cortex.o
 .debug_macro   0x000000000000a9ca      0x1c8 Drivers/STM32F0xx_HAL_Driver/Src/stm32f0xx_hal_gpio.o
 .debug_macro   0x000000000000ab92      0x1a2 Drivers/STM32F0xx_HAL_Driver/Src/stm32f0xx_hal_rcc.o

.debug_line     0x0000000000000000     0x4228
 .debug_line    0x0000000000000000      0x6d9 Core/Src/main.o
 .debug_line    0x00000000000006d9      0x6c8 Core/Src/stm32f0308_discovery.o
 .debug_line    0x0000000000000da1      0x638 Core/Src/stm32f0xx_hal_msp.o
 .debug_line    0x00000000000013d9      0x71e Core/Src/stm32f0xx_it.o
 .debug_line    0x0000000000001af7      0x652 Core/Src/system_stm32f0xx.o
 .debug_line    0x0000000000002149       0x89 Core/Startup/startup_stm32f030r8tx.o
 .debug_line    0x00000000000021d2      0x7ee Drivers/STM32F0xx_HAL_Driver/Src/stm32f0xx_hal.o
 .debug_line    0x00000000000029c0      0x806 Drivers/STM32F0xx_HAL_Driver/Src/stm32f0xx_hal_cortex.o
 .debug_line    0x00000000000031c6      0x7b3 Drivers/STM32F0xx_HAL_Driver/Src/stm32f0xx_hal_gpio.o
 .debug_line    0x0000000000003979      0x8af Drivers/STM32F0xx_HAL_Driver/Src/stm32f0xx_hal_rcc.o

.debug_str      0x0000000000000000    0x3c6e6
 .debug_str     0x0000000000000000    0x3b924 Core/Src/main.o
                                      0x3bba0 (size before relaxing)
 .debug_str     0x000000000003b924      0x28e Core/Src/stm32f0308_discovery.o
                                      0x3bb1a (size before relaxing)
 .debug_str     0x000000000003bbb2       0x2c Core/Src/stm32f0xx_hal_msp.o
                                      0x3b637 (size before relaxing)
 .debug_str     0x000000000003bbde      0x113 Core/Src/stm32f0xx_it.o
                                      0x3b7f0 (size before relaxing)
 .debug_str     0x000000000003bcf1       0x5f Core/Src/system_stm32f0xx.o
                                      0x3b5b3 (size before relaxing)
 .debug_str     0x000000000003bd50       0x36 Core/Startup/startup_stm32f030r8tx.o
                                         0x6b (size before relaxing)
 .debug_str     0x000000000003bd86      0x384 Drivers/STM32F0xx_HAL_Driver/Src/stm32f0xx_hal.o
                                      0x3babf (size before relaxing)
 .debug_str     0x000000000003c10a      0x175 Drivers/STM32F0xx_HAL_Driver/Src/stm32f0xx_hal_cortex.o
                                      0x3b973 (size before relaxing)
 .debug_str     0x000000000003c27f      0x213 Drivers/STM32F0xx_HAL_Driver/Src/stm32f0xx_hal_gpio.o
                                      0x3b84f (size before relaxing)
 .debug_str     0x000000000003c492      0x254 Drivers/STM32F0xx_HAL_Driver/Src/stm32f0xx_hal_rcc.o
                                      0x3b9bd (size before relaxing)

.comment        0x0000000000000000       0x7b
 .comment       0x0000000000000000       0x7b Core/Src/main.o
                                         0x7c (size before relaxing)
 .comment       0x000000000000007b       0x7c Core/Src/stm32f0308_discovery.o
 .comment       0x000000000000007b       0x7c Core/Src/stm32f0xx_hal_msp.o
 .comment       0x000000000000007b       0x7c Core/Src/stm32f0xx_it.o
 .comment       0x000000000000007b       0x7c Core/Src/system_stm32f0xx.o
 .comment       0x000000000000007b       0x7c Drivers/STM32F0xx_HAL_Driver/Src/stm32f0xx_hal.o
 .comment       0x000000000000007b       0x7c Drivers/STM32F0xx_HAL_Driver/Src/stm32f0xx_hal_cortex.o
 .comment       0x000000000000007b       0x7c Drivers/STM32F0xx_HAL_Driver/Src/stm32f0xx_hal_gpio.o
 .comment       0x000000000000007b       0x7c Drivers/STM32F0xx_HAL_Driver/Src/stm32f0xx_hal_rcc.o

.debug_frame    0x0000000000000000      0xb94
 .debug_frame   0x0000000000000000       0xc8 Core/Src/main.o
 .debug_frame   0x00000000000000c8       0xec Core/Src/stm32f0308_discovery.o
 .debug_frame   0x00000000000001b4       0x30 Core/Src/stm32f0xx_hal_msp.o
 .debug_frame   0x00000000000001e4      0x10c Core/Src/stm32f0xx_it.o
 .debug_frame   0x00000000000002f0       0x4c Core/Src/system_stm32f0xx.o
 .debug_frame   0x000000000000033c      0x2a4 Drivers/STM32F0xx_HAL_Driver/Src/stm32f0xx_hal.o
 .debug_frame   0x00000000000005e0      0x2a0 Drivers/STM32F0xx_HAL_Driver/Src/stm32f0xx_hal_cortex.o
 .debug_frame   0x0000000000000880      0x110 Drivers/STM32F0xx_HAL_Driver/Src/stm32f0xx_hal_gpio.o
 .debug_frame   0x0000000000000990      0x198 Drivers/STM32F0xx_HAL_Driver/Src/stm32f0xx_hal_rcc.o
 .debug_frame   0x0000000000000b28       0x2c c:/st/stm32cubeide_1.3.0/stm32cubeide/plugins/com.st.stm32cube.ide.mcu.externaltools.gnu-tools-for-stm32.7-2018-q2-update.win32_1.0.0.201904181610/tools/bin/../lib/gcc/arm-none-eabi/7.3.1/../../../../arm-none-eabi/lib/thumb/v6-m\libc_nano.a(lib_a-init.o)
 .debug_frame   0x0000000000000b54       0x20 c:/st/stm32cubeide_1.3.0/stm32cubeide/plugins/com.st.stm32cube.ide.mcu.externaltools.gnu-tools-for-stm32.7-2018-q2-update.win32_1.0.0.201904181610/tools/bin/../lib/gcc/arm-none-eabi/7.3.1/../../../../arm-none-eabi/lib/thumb/v6-m\libc_nano.a(lib_a-memset.o)
 .debug_frame   0x0000000000000b74       0x20 c:/st/stm32cubeide_1.3.0/stm32cubeide/plugins/com.st.stm32cube.ide.mcu.externaltools.gnu-tools-for-stm32.7-2018-q2-update.win32_1.0.0.201904181610/tools/bin/../lib/gcc/arm-none-eabi/7.3.1/thumb/v6-m\libgcc.a(_udivsi3.o)
